[www.georgiasouthern.edu/index.html]
[www.georgiasouthern.edu/favicon.0.delayed]
[www.georgiasouthern.edu/favicon.ico]
[www.georgiasouthern.edu/android-icon-192x192.png]
[www.georgiasouthern.edu/android-icon-192x192.png]
[backblue.gif]
[fade.gif]
[index.html]
[cdn.optimizely.com/js/18628381365.js]
[stackpath.bootstrapcdn.com/bootstrap/3.4.1/js/bootstrap.min.js]
[www.georgiasouthern.edu/web_templates/global/js/plugin.sticky.js]
[www.georgiasouthern.edu/indexa7a0.html]
[www.georgiasouthern.edu/web_templates/global/js/gs-custom-ui.js]
[www.georgiasouthern.edu/web_templates/global/js/plugin.lightbox.min.js]
[use.fontawesome.com/3c484262c3.js]
[www.georgiasouthern.edu/web_templates/global/js/scripts.js]
[www.google.com/recaptcha/api95a7.js]
[stackpath.bootstrapcdn.com/bootstrap/3.4.1/css/bootstrap.min.css]
[www.georgiasouthern.edu/web_templates/global/css/styles-2020.min.css]
[www.georgiasouthern.edu/web_templates/bootstrap/css/bootstrap9b2d.css]
[www.georgiasouthern.edu/web_templates/global/css/plugins.css]
[cdn.georgiasouthern.edu/img/arrow_rightv2.10.delayed]
[cdn.georgiasouthern.edu/img/arrow_rightv2.png]
[cdn.georgiasouthern.edu/logos/gsheaderlogo-500px.png]
[cdn.georgiasouthern.edu/logos/gsheaderlogo-500px.png]
[www.georgiasouthern.edu/map]
[www.georgiasouthern.edu/leadership-and-divisions/index.html]
[www.georgiasouthern.edu/about/index.html]
[www.georgiasouthern.edu/history/index.html]
[www.georgiasouthern.edu/inclusive-excellence/index.html]
[www.georgiasouthern.edu/traditions/index.html]
[www.georgiasouthern.edu/campuses/index.html]
[www.georgiasouthern.edu/map/index.html]
[www.georgiasouthern.edu/visitors/index.html]
[www.georgiasouthern.edu/majors/index.html]
[www.georgiasouthern.edu/graduate-programs/index.html]
[www.georgiasouthern.edu/accelerated-bachelor-master-programs/index.html]
[www.georgiasouthern.edu/campuslife/index.html]
[www.georgiasouthern.edu/map.16.delayed]
[www.georgiasouthern.edu/campuses/statesboro-campus/index.html]
[www.georgiasouthern.edu/campuses/armstrong-campus/index.html]
[www.georgiasouthern.edu/campuses/liberty-campus/index.html]
[www.georgiasouthern.edu/current-students/index.html]
[www.georgiasouthern.edu/faculty-staff/index.html]
[cdn.georgiasouthern.edu/img/apply-now-button-texture.jpg]
[www.georgiasouthern.edu/wp-content/plugins/revslider/public/assets/assets/dummy.png]
[www.georgiasouthern.edu/wp-content/plugins/revslider/public/assets/assets/dummy.png]
[news.georgiasouthern.edu/wp-content/uploads/Photo-—-Groundbreaking-—-Anthony-Tippins-Practice-Facility-315x214.jpg]
[www.georgiasouthern.edu/future-students/index.html]
[news.georgiasouthern.edu/wp-content/uploads/Connelly-315x205.jpg]
[www.georgiasouthern.edu/military-veterans/index.html]
[www.georgiasouthern.edu/working-professionals/index.html]
[news.georgiasouthern.edu/magazine/wp-content/uploads/sites/3/RememberWhen.jpg]
[www.georgiasouthern.edu/wp-content/plugins/revslider/public/assets/assets/dummy.1d.delayed]
[static.elfsight.com/platform/platform.js]
[cdn.georgiasouthern.edu/img/campuses.2e.delayed]
[cdn.georgiasouthern.edu/img/campuses.png]
[www.georgiasouthern.edu/web_templates/global/img/icons/footer-facebook.png]
[www.georgiasouthern.edu/web_templates/global/img/icons/footer-twitter.png]
[www.georgiasouthern.edu/web_templates/global/img/icons/footer-instagram.png]
[cdn.georgiasouthern.edu/img/icons/footer-linkedin.png]
[cdn.georgiasouthern.edu/img/icons/footer-linkedin.png]
[cdn.georgiasouthern.edu/img/icons/footer-youtube.png]
[cdn.georgiasouthern.edu/img/icons/footer-youtube.png]
[cdn.georgiasouthern.edu/img/icons/footer-tiktok.png]
[cdn.georgiasouthern.edu/img/icons/footer-tiktok.png]
[stackpath.bootstrapcdn.com/bootstrap/3.4.1/js/bootstrap.min5589.js]
[www.georgiasouthern.edu/siteindex/index.html]
[www.google.com/recaptcha/api94ff.js]
[www.georgiasouthern.edu/privacy/index.html]
[www.georgiasouthern.edu/index.html]
[www.georgiasouthern.edu/map]
[www.georgiasouthern.edu/indexa7a0.html]
[www.georgiasouthern.edu/web_templates/bootstrap/fonts/glyphicons-halflings-regular.eot]
[www.georgiasouthern.edu/web_templates/bootstrap/fonts/glyphicons-halflings-regulard41d.eot]
[www.georgiasouthern.edu/web_templates/bootstrap/fonts/glyphicons-halflings-regular.woff]
[www.georgiasouthern.edu/web_templates/bootstrap/fonts/glyphicons-halflings-regular.ttf]
[www.georgiasouthern.edu/web_templates/bootstrap/css/bootstrap9b2d.css]
[stackpath.bootstrapcdn.com/bootstrap/3.4.1/css/bootstrap.min.css]
[www.georgiasouthern.edu/web_templates/global/fonts/BlackBones/Black-Bones-GS.otf]
[www.georgiasouthern.edu/web_templates/global/fonts/BlackBones/Black-Bones-GS.woff]
[www.georgiasouthern.edu/web_templates/global/fonts/ProximaNova/ProximaNova-Reg.55d41d.delayed]
[www.georgiasouthern.edu/web_templates/global/fonts/ProximaNova/ProximaNova-Reg.woff]
[www.georgiasouthern.edu/web_templates/global/fonts/ProximaNova/ProximaNova-Reg.57.delayed]
[www.georgiasouthern.edu/web_templates/global/fonts/ProximaNova/ProximaNova-Boldd41d.eot]
[www.georgiasouthern.edu/web_templates/global/fonts/ProximaNova/ProximaNova-Bold.woff]
[www.georgiasouthern.edu/web_templates/global/fonts/ProximaNova/ProximaNova-Bold.5a.delayed]
[www.georgiasouthern.edu/web_templates/global/fonts/ProximaNova/ProximaNova-Xboldd41d.eot]
[www.georgiasouthern.edu/web_templates/global/fonts/ProximaNova/ProximaNova-Xbold.woff]
[www.georgiasouthern.edu/web_templates/global/fonts/ProximaNova/ProximaNova-Xbold.5d.delayed]
[www.georgiasouthern.edu/web_templates/global/fonts/ProximaNova/ProximaNova-Sboldd41d.eot]
[www.georgiasouthern.edu/web_templates/global/fonts/ProximaNova/ProximaNova-Sbold.woff]
[www.georgiasouthern.edu/web_templates/global/fonts/ProximaNova/ProximaNova-Sbold.60.delayed]
[www.georgiasouthern.edu/web_templates/global/fonts/ProximaNova/ProximaNova-Black.woff]
[www.georgiasouthern.edu/web_templates/global/fonts/ProximaNova/ProximaNovaExCn-Black.62d41d.delayed]
[www.georgiasouthern.edu/web_templates/global/fonts/ProximaNova/ProximaNovaExCn-Black.woff]
[www.georgiasouthern.edu/web_templates/global/fonts/ProximaNova/ProximaNovaExCn-Black.64.delayed]
[cdn.georgiasouthern.edu/img/h1-marker.png]
[cdn.georgiasouthern.edu/img/GS-header-texture.png]
[www.georgiasouthern.edu/home-content/img/interests-burst.67.delayed]
[www.georgiasouthern.edu/web_templates/global/img/triangle.png]
[cdn.georgiasouthern.edu/img/blue-grunge-border.png]
[www.georgiasouthern.edu/web_templates/global/css/styles-2020.min.css]
[www.georgiasouthern.edu/web_templates/CORE/css/images/ui.totop.png]
[www.georgiasouthern.edu/web_templates/global/css/images/jquery-lightbox-theme.png]
[www.georgiasouthern.edu/web_templates/global/css/images/loading.gif]
[www.georgiasouthern.edu/web_templates/global/css/images/jquery-lightbox-theme-mobile.png]
[www.georgiasouthern.edu/web_templates/global/css/plugins.css]
[www.googletagmanager.com/gtm5445.html]
[www.georgiasouthern.edu/about/index.html]
[www.georgiasouthern.edu/history/index.html]
[www.georgiasouthern.edu/inclusive-excellence/index.html]
[www.georgiasouthern.edu/leadership-and-divisions/index.html]
[www.georgiasouthern.edu/traditions/index.html]
[www.georgiasouthern.edu/campuses/index.html]
[www.georgiasouthern.edu/map/index.html]
[www.georgiasouthern.edu/visitors/index.html]
[www.georgiasouthern.edu/majors/index.html]
[www.georgiasouthern.edu/graduate-programs/index.html]
[www.georgiasouthern.edu/accelerated-bachelor-master-programs/index.html]
[www.georgiasouthern.edu/campuslife/index.html]
[www.georgiasouthern.edu/campuses/statesboro-campus/index.html]
[www.georgiasouthern.edu/campuses/armstrong-campus/index.html]
[www.georgiasouthern.edu/campuses/liberty-campus/index.html]
[www.georgiasouthern.edu/current-students/index.html]
[www.georgiasouthern.edu/faculty-staff/index.html]
[admissions.georgiasouthern.edu/wp-content/uploads/Transient9.jpg]
[www.georgiasouthern.edu/future-students/index.html]
[www.georgiasouthern.edu/future-students/indexa7a0.html]
[ajax.googleapis.com/ajax/libs/jquery/1/jquery.min.js]
[www.georgiasouthern.edu/index8c74.html]
[www.georgiasouthern.edu/indexff98.html]
[www.georgiasouthern.edu/web_templates/global/js/jquery-1.11.1.min.js]
[www.georgiasouthern.edu/military-veterans/indexa7a0.html]
[marketing.georgiasouthern.edu/wp-content/uploads/veterans.jpg]
[em.georgiasouthern.edu/wp-content/uploads/67488975_2303201153066827_695273794117304320_n.jpg]
[www.georgiasouthern.edu/military-veterans/index.html]
[www.georgiasouthern.edu/working-professionals/index.html]
[www.georgiasouthern.edu/siteindex/index.html]
[www.georgiasouthern.edu/privacy/index.html]
[www.georgiasouthern.edu/map.html]
[www.georgiasouthern.edu/web_templates/bootstrap/fonts/glyphicons-halflings-regular.svg]
[www.georgiasouthern.edu/web_templates/global/fonts/ProximaNova/ProximaNova-Regd41d.html]
[www.georgiasouthern.edu/web_templates/global/fonts/ProximaNova/ProximaNova-Reg.html]
[www.georgiasouthern.edu/web_templates/global/fonts/ProximaNova/ProximaNova-Boldd41d.html]
[www.georgiasouthern.edu/web_templates/global/fonts/ProximaNova/ProximaNova-Bold.html]
[www.georgiasouthern.edu/web_templates/global/fonts/ProximaNova/ProximaNova-Xboldd41d.html]
[www.georgiasouthern.edu/web_templates/global/fonts/ProximaNova/ProximaNova-Xbold.html]
[www.georgiasouthern.edu/web_templates/global/fonts/ProximaNova/ProximaNova-Sboldd41d.html]
[www.georgiasouthern.edu/web_templates/global/fonts/ProximaNova/ProximaNova-Sbold.html]
[www.georgiasouthern.edu/web_templates/global/fonts/ProximaNova/ProximaNovaExCn-Blackd41d.html]
[www.georgiasouthern.edu/web_templates/global/fonts/ProximaNova/ProximaNovaExCn-Black.html]
[www.georgiasouthern.edu/future-students/indexa7a0.html]
[www.georgiasouthern.edu/index8c74.html]
[www.georgiasouthern.edu/military-veterans/indexa7a0.html]
[www.georgiasouthern.edu/indexff98.html]
[www.georgiasouthern.edu/working-professionals/indexa7a0.html]
[www.georgiasouthern.edu/working-professionals/indexa7a0.html]
[www.georgiasouthern.edu/index9f37.html]
[www.georgiasouthern.edu/index9f37.html]
[www.georgiasouthern.edu/finish/index.html]
[www.georgiasouthern.edu/finish/index.html]
[www.georgiasouthern.edu/index4418.html]
[www.georgiasouthern.edu/finish/indexa7a0.html]
[www.georgiasouthern.edu/finish/indexa7a0.html]
[www.georgiasouthern.edu/index4418.html]
